Microchip Technology Inc, v2.10 (B)

Tool Name:
  c:\program files\microchip\xc16\v2.10\bin\bin\..\bin/elf-ld.exe

Command:
  -TC:\\Users\\PETERB~1\\AppData\\Local\\Temp\\tmp000076e4.00 \
  -TC:\\Users\\PETERB~1\\AppData\\Local\\Temp\\tmp000076e4.01 \
  -TC:\\Users\\PETERB~1\\AppData\\Local\\Temp\\tmp000076e4.02 \
  -TC:\\Users\\PETERB~1\\AppData\\Local\\Temp\\tmp000076e4.03 \
  -TC:\\Users\\PETERB~1\\AppData\\Local\\Temp\\tmp000076e4.04 \
  -p24FJ64GA004 \
  --mdfp=C:/Program Files/Microchip/MPLABX/v6.25/packs/Microchip/PIC24F-GA-GB_DFP/1.10.375/xc16 \
  -o \
  dist/default/debug/RGS_PuttingGate.X.debug.elf \
  -Lc:/program files/microchip/xc16/v2.10/bin/bin/.. \
  -LC:/Program Files/Microchip/MPLABX/v6.25/packs/Microchip/PIC24F-GA-GB_DFP/1.10.375/xc16/bin/../support/PIC24F/gld \
  -Lc:/program files/microchip/xc16/v2.10/bin/bin/../../lib \
  -Lc:/program files/microchip/xc16/v2.10/bin/bin/../../support/PIC24E/gld \
  -Lc:/program files/microchip/xc16/v2.10/bin/bin/../../support/PIC24F/gld \
  -Lc:/program files/microchip/xc16/v2.10/bin/bin/../../support/PIC24H/gld \
  -Lc:/program files/microchip/xc16/v2.10/bin/bin/../../support/dsPIC30F/gld \
  -Lc:/program files/microchip/xc16/v2.10/bin/bin/../../support/dsPIC33C/gld \
  -Lc:/program files/microchip/xc16/v2.10/bin/bin/../../support/dsPIC33E/gld \
  -Lc:/program files/microchip/xc16/v2.10/bin/bin/../../support/dsPIC33F/gld \
  build/default/debug/mcc_generated_files/where_was_i.o \
  build/default/debug/RGS_MCC_Copies/pin_manager.o \
  build/default/debug/RGS_MCC_Copies/system.o \
  build/default/debug/RGS_MCC_Copies/FrontAlignLaser.o \
  build/default/debug/RGS_MCC_Copies/clock.o \
  build/default/debug/RGS_MCC_Copies/tmr1.o \
  build/default/debug/RGS_MCC_Copies/tmr2.o \
  build/default/debug/RGS_MCC_Copies/tmr3.o \
  build/default/debug/RGS_MCC_Copies/tmr4.o \
  build/default/debug/RGS_MCC_Copies/i2c2.o \
  build/default/debug/RGS_MCC_Copies/interrupt_manager.o \
  build/default/debug/RGS_MCC_Copies/i2c1.o \
  build/default/debug/main.o \
  build/default/debug/Events.o \
  build/default/debug/JetsonInterface.o \
  build/default/debug/pin_CustomISR.o \
  --defsym=__MPLAB_BUILD=1 \
  --defsym=__MPLAB_DEBUG=1 \
  --defsym=__DEBUG=1 \
  -Tp24FJ64GA004.gld.05 \
  --stack=16 \
  --check-sections \
  --data-init \
  --pack-data \
  --handles \
  --isr \
  --no-gc-sections \
  --fill-upper=0 \
  --stackguard=16 \
  --no-force-link \
  --smart-io \
  -Map=dist/default/debug/RGS_PuttingGate.X.debug.map \
  --report-mem \
  --memorysummary \
  dist/default/debug/memoryfile.xml \
  -start-group \
  --library=c99-pic30-elf \
  --library=m-elf \
  --library=c99-elf \
  -end-group \


Optional library libpPIC24Fxxx.a not found
Archive member included because of file (symbol)

c:/program files/microchip/xc16/v2.10/bin/bin/../../lib\libc99-pic30-elf.a(crt0_standard.o)
                              (__resetPRI)
c:/program files/microchip/xc16/v2.10/bin/bin/../../lib\libc99-pic30-elf.a(data_init_standard.o)
                              c:/program files/microchip/xc16/v2.10/bin/bin/../../lib\libc99-pic30-elf.a(crt0_standard.o) (__data_init_standard)
c:/program files/microchip/xc16/v2.10/bin/bin/../../lib\libc99-pic30-elf.a(crt_start_mode_normal.Meo)
                              (__crt_start_mode_normal)
c:/program files/microchip/xc16/v2.10/bin/bin/../../lib\libc99-pic30-elf.a(delay32.Meo)
                              build/default/debug/main.o (___delay32)


xc16-ld 2.10 (B)

Default Code Model: Small
Default Data Model: Large
Default Scalar Model: Small

"program" Memory  [Origin = 0x200, Length = 0xa9fc]

section                    address   length (PC units)   length (bytes) (dec)
-------                    -------   -----------------   --------------------
.text                        0x200               0x530           0x7c8  (1992)
.text                        0x730              0x1052          0x187b  (6267)
.dinit                      0x1782                0x6e            0xa5  (165)
.text                       0x17f0                0xca           0x12f  (303)
.init.delay32               0x18ba                0x1c            0x2a  (42)
.text                       0x18d6                0x28            0x3c  (60)

                 Total "program" memory used (bytes):         0x227d  (8829) 13%


"data" Memory  [Origin = 0x800, Length = 0x2000]

section                    address      alignment gaps    total length  (dec)
-------                    -------      --------------    -------------------
reserve_data_0x800           0x800                0x20            0x20  (32)
reserve_data_0x820           0x820                 0x2             0x2  (2)
reserve_data_0x822           0x822                 0x2             0x2  (2)
reserve_data_0x824           0x824                 0x2             0x2  (2)
reserve_data_0x826           0x826                0x2a            0x2a  (42)
.nbss                        0x850                   0            0x54  (84)
mcc_generated_files/where_was_i.s.scn1     0x8a4                   0             0x4  (4)
.ndata                       0x8a8                   0             0x4  (4)
.nbss                        0x8ac                   0             0x8  (8)
.ndata                       0x8b4                   0             0x2  (2)
.bss                         0x8b6                   0           0x12c  (300)

                 Total "data" memory used (bytes):          0x1e2  (482) 5%


Dynamic Memory Usage

region                     address                      maximum length  (dec)
------                     -------                      ---------------------
heap                             0                                   0  (0)
stack                        0x9e2                              0x1e1e  (7710)

                 Maximum dynamic memory (bytes):         0x1e1e  (7710)

Info: Project is using a large data memory model when small data memory model is sufficient.


External Symbols in Data Memory (by address):

                    0x0850                  _x
                    0x0852                  _y
                    0x0854                  _z
                    0x0856                  _a
                    0x0858                  _xx
                    0x085a                  _yy
                    0x085c                  _zz
                    0x085e                  _testval
                    0x0860                  _SwitchState
                    0x0864                  _ButtonCount
                    0x0868                  _PowerOff
                    0x0888                  _JobStartAddress
                    0x088a                  _JobNumBytes
                    0x088c                  _i2c_write_complete_flag
                    0x088e                  _i2c_write_start_address
                    0x0890                  _i2c_write_end_address
                    0x0892                  _i2c_write_byte_count
                    0x089a                  _LedOn
                    0x089b                  _FrontSense
                    0x089c                  _RearSense
                    0x089d                  _LightingUpdate
                    0x089e                  _TransitTime
                    0x08a2                  _GateTimeout
                    0x08a3                  _WakeUp
                    0x08a4                  _trapSrcAddr
                    0x08ac                  _CN_InterruptHandler
                    0x08b0                  _TMR1_InterruptHandler
                    0x08b2                  _TMR4_InterruptHandler
                    0x08b6                  _EMULATE_EEPROM_Memory

External Symbols in Data Memory (by name):

                    0x0864                  _ButtonCount
                    0x08ac                  _CN_InterruptHandler
                    0x08b6                  _EMULATE_EEPROM_Memory
                    0x089b                  _FrontSense
                    0x08a2                  _GateTimeout
                    0x088a                  _JobNumBytes
                    0x0888                  _JobStartAddress
                    0x089a                  _LedOn
                    0x089d                  _LightingUpdate
                    0x0868                  _PowerOff
                    0x089c                  _RearSense
                    0x0860                  _SwitchState
                    0x08b0                  _TMR1_InterruptHandler
                    0x08b2                  _TMR4_InterruptHandler
                    0x089e                  _TransitTime
                    0x08a3                  _WakeUp
                    0x0856                  _a
                    0x0892                  _i2c_write_byte_count
                    0x088c                  _i2c_write_complete_flag
                    0x0890                  _i2c_write_end_address
                    0x088e                  _i2c_write_start_address
                    0x085e                  _testval
                    0x08a4                  _trapSrcAddr
                    0x0850                  _x
                    0x0858                  _xx
                    0x0852                  _y
                    0x085a                  _yy
                    0x0854                  _z
                    0x085c                  _zz

External Symbols in Program Memory (by address):

                  0x000200                  __resetPRI
                  0x00023c                  __psv_init
                  0x000252                  __data_init
                  0x000252                  __data_init_standard
                  0x0002d4                  __CNInterrupt
                  0x000302                  __T1Interrupt
                  0x000338                  __T5Interrupt
                  0x00035e                  __MI2C2Interrupt
                  0x0005b0                  __SI2C1Interrupt
                  0x00072a                  __DefaultInterrupt
                  0x00073e                  _LIS2DW12_SetAddress_I2C2
                  0x00074c                  _main
                  0x000aca                  _CallJetsonBall
                  0x000ada                  _CallJetsonJob
                  0x000b6a                  _ChangeLighting
                  0x000b9c                  _ShutdownProcessTemp
                  0x000da2                  _LIS2DW12_Init_I2C2
                  0x000e14                  _LIS2DW12_ReadXYZ_I2C2
                  0x000e96                  _QuickAcellerometerGrabber
                  0x000f12                  _PowerDown
                  0x000fc0                  _I2C2_Initialize
                  0x000ffa                  _I2C2_ErrorCountGet
                  0x001044                  _I2C2_MasterWrite
                  0x001076                  _I2C2_MasterRead
                  0x0010a8                  _I2C2_MasterTRBInsert
                  0x001122                  _I2C2_MasterReadTRBBuild
                  0x001152                  _I2C2_MasterWriteTRBBuild
                  0x001176                  _I2C2_MasterQueueIsEmpty
                  0x00118c                  _I2C2_MasterQueueIsFull
                  0x0011a2                  _I2C1_Initialize
                  0x0011c4                  _I2C1_ReadPointerSet
                  0x0011d0                  _I2C1_WritePointerSet
                  0x0011dc                  _I2C1_ReadPointerGet
                  0x0011e4                  _I2C1_WritePointerGet
                  0x0011ec                  _I2C1_SlaveAddressMaskSet
                  0x0011f8                  _I2C1_SlaveAddressSet
                  0x001214                  _I2C1_StatusCallback
                  0x0012de                  _TMR2_Initialize
                  0x0012fa                  _TMR2_Tasks_32BitOperation
                  0x00131c                  _TMR2_Period32BitSet
                  0x001330                  _TMR2_Period32BitGet
                  0x00134e                  _TMR2_Counter32BitSet
                  0x001362                  _TMR2_Counter32BitGet
                  0x001388                  _TMR2_Start
                  0x001396                  _TMR2_Stop
                  0x00139e                  _TMR2_GetElapsedThenClear
                  0x0013b6                  _TMR2_SoftwareCounterGet
                  0x0013c2                  _TMR2_SoftwareCounterClear
                  0x0013ce                  _TMR4_Initialize
                  0x0013ee                  _TMR4_Period32BitSet
                  0x001402                  _TMR4_Period32BitGet
                  0x001420                  _TMR4_Counter32BitSet
                  0x001434                  _TMR4_Counter32BitGet
                  0x001460                  _TMR4_SetInterruptHandler
                  0x001470                  _TMR4_Start
                  0x00147e                  _TMR4_Stop
                  0x001488                  _TMR4_GetElapsedThenClear
                  0x0014a0                  _TMR4_SoftwareCounterGet
                  0x0014ac                  _TMR4_SoftwareCounterClear
                  0x0014b8                  _TMR1_Initialize
                  0x0014dc                  _TMR1_Period16BitSet
                  0x0014ee                  _TMR1_Period16BitGet
                  0x0014f6                  _TMR1_Counter16BitSet
                  0x001508                  _TMR1_Counter16BitGet
                  0x001516                  _TMR1_SetInterruptHandler
                  0x001526                  _TMR1_Start
                  0x001536                  _TMR1_Stop
                  0x001540                  _TMR1_GetElapsedThenClear
                  0x001558                  _TMR1_SoftwareCounterGet
                  0x001564                  _TMR1_SoftwareCounterClear
                  0x001570                  _PIN_MANAGER_Initialize
                  0x0015ee                  _RestoreDetect
                  0x001606                  _CN_SetInterruptHandler
                  0x001616                  _CN_SetIOCInterruptHandler
                  0x001622                  _TMR3_Initialize
                  0x001638                  _TMR3_Tasks_16BitOperation
                  0x00165a                  _TMR3_Period16BitSet
                  0x00166c                  _TMR3_Period16BitGet
                  0x001674                  _TMR3_Counter16BitSet
                  0x001686                  _TMR3_Counter16BitGet
                  0x00168e                  _TMR3_Start
                  0x00169c                  _TMR3_Stop
                  0x0016a4                  _TMR3_GetElapsedThenClear
                  0x0016bc                  _TMR3_SoftwareCounterGet
                  0x0016c8                  _TMR3_SoftwareCounterClear
                  0x0016d4                  _FrontAlignLaser_Initialize
                  0x0016f2                  _FrontAlignLaser_Tasks
                  0x001704                  _FrontAlignLaser_Start
                  0x00171e                  _FrontAlignLaser_Stop
                  0x00172c                  _FrontAlignLaser_SecondaryValueSet
                  0x001738                  _FrontAlignLaser_PrimaryValueSet
                  0x001744                  _FrontAlignLaser_IsCompareCycleComplete
                  0x00175c                  _FrontAlignLaser_FaultStatusGet
                  0x0017f0                  _ISR_CN_Dummy
                  0x0017f8                  _ISR_CN_FrontSensor
                  0x00181a                  _ISR_CN_RearSensor
                  0x00183e                  _ISR_CN_WakeUp
                  0x00184a                  _INTERRUPT_Initialize
                  0x00188c                  _CLOCK_Initialize
                  0x0018ba                  ___delay32
                  0x0018d6                  _SYSTEM_Initialize
                  0x0018ee                  _where_was_i

External Symbols in Program Memory (by name):

                  0x00188c                  _CLOCK_Initialize
                  0x001616                  _CN_SetIOCInterruptHandler
                  0x001606                  _CN_SetInterruptHandler
                  0x000aca                  _CallJetsonBall
                  0x000ada                  _CallJetsonJob
                  0x000b6a                  _ChangeLighting
                  0x00175c                  _FrontAlignLaser_FaultStatusGet
                  0x0016d4                  _FrontAlignLaser_Initialize
                  0x001744                  _FrontAlignLaser_IsCompareCycleComplete
                  0x001738                  _FrontAlignLaser_PrimaryValueSet
                  0x00172c                  _FrontAlignLaser_SecondaryValueSet
                  0x001704                  _FrontAlignLaser_Start
                  0x00171e                  _FrontAlignLaser_Stop
                  0x0016f2                  _FrontAlignLaser_Tasks
                  0x0011a2                  _I2C1_Initialize
                  0x0011dc                  _I2C1_ReadPointerGet
                  0x0011c4                  _I2C1_ReadPointerSet
                  0x0011ec                  _I2C1_SlaveAddressMaskSet
                  0x0011f8                  _I2C1_SlaveAddressSet
                  0x001214                  _I2C1_StatusCallback
                  0x0011e4                  _I2C1_WritePointerGet
                  0x0011d0                  _I2C1_WritePointerSet
                  0x000ffa                  _I2C2_ErrorCountGet
                  0x000fc0                  _I2C2_Initialize
                  0x001176                  _I2C2_MasterQueueIsEmpty
                  0x00118c                  _I2C2_MasterQueueIsFull
                  0x001076                  _I2C2_MasterRead
                  0x001122                  _I2C2_MasterReadTRBBuild
                  0x0010a8                  _I2C2_MasterTRBInsert
                  0x001044                  _I2C2_MasterWrite
                  0x001152                  _I2C2_MasterWriteTRBBuild
                  0x00184a                  _INTERRUPT_Initialize
                  0x0017f0                  _ISR_CN_Dummy
                  0x0017f8                  _ISR_CN_FrontSensor
                  0x00181a                  _ISR_CN_RearSensor
                  0x00183e                  _ISR_CN_WakeUp
                  0x000da2                  _LIS2DW12_Init_I2C2
                  0x000e14                  _LIS2DW12_ReadXYZ_I2C2
                  0x00073e                  _LIS2DW12_SetAddress_I2C2
                  0x001570                  _PIN_MANAGER_Initialize
                  0x000f12                  _PowerDown
                  0x000e96                  _QuickAcellerometerGrabber
                  0x0015ee                  _RestoreDetect
                  0x0018d6                  _SYSTEM_Initialize
                  0x000b9c                  _ShutdownProcessTemp
                  0x001508                  _TMR1_Counter16BitGet
                  0x0014f6                  _TMR1_Counter16BitSet
                  0x001540                  _TMR1_GetElapsedThenClear
                  0x0014b8                  _TMR1_Initialize
                  0x0014ee                  _TMR1_Period16BitGet
                  0x0014dc                  _TMR1_Period16BitSet
                  0x001516                  _TMR1_SetInterruptHandler
                  0x001564                  _TMR1_SoftwareCounterClear
                  0x001558                  _TMR1_SoftwareCounterGet
                  0x001526                  _TMR1_Start
                  0x001536                  _TMR1_Stop
                  0x001362                  _TMR2_Counter32BitGet
                  0x00134e                  _TMR2_Counter32BitSet
                  0x00139e                  _TMR2_GetElapsedThenClear
                  0x0012de                  _TMR2_Initialize
                  0x001330                  _TMR2_Period32BitGet
                  0x00131c                  _TMR2_Period32BitSet
                  0x0013c2                  _TMR2_SoftwareCounterClear
                  0x0013b6                  _TMR2_SoftwareCounterGet
                  0x001388                  _TMR2_Start
                  0x001396                  _TMR2_Stop
                  0x0012fa                  _TMR2_Tasks_32BitOperation
                  0x001686                  _TMR3_Counter16BitGet
                  0x001674                  _TMR3_Counter16BitSet
                  0x0016a4                  _TMR3_GetElapsedThenClear
                  0x001622                  _TMR3_Initialize
                  0x00166c                  _TMR3_Period16BitGet
                  0x00165a                  _TMR3_Period16BitSet
                  0x0016c8                  _TMR3_SoftwareCounterClear
                  0x0016bc                  _TMR3_SoftwareCounterGet
                  0x00168e                  _TMR3_Start
                  0x00169c                  _TMR3_Stop
                  0x001638                  _TMR3_Tasks_16BitOperation
                  0x001434                  _TMR4_Counter32BitGet
                  0x001420                  _TMR4_Counter32BitSet
                  0x001488                  _TMR4_GetElapsedThenClear
                  0x0013ce                  _TMR4_Initialize
                  0x001402                  _TMR4_Period32BitGet
                  0x0013ee                  _TMR4_Period32BitSet
                  0x001460                  _TMR4_SetInterruptHandler
                  0x0014ac                  _TMR4_SoftwareCounterClear
                  0x0014a0                  _TMR4_SoftwareCounterGet
                  0x001470                  _TMR4_Start
                  0x00147e                  _TMR4_Stop
                  0x0002d4                  __CNInterrupt
                  0x00072a                  __DefaultInterrupt
                  0x00035e                  __MI2C2Interrupt
                  0x0005b0                  __SI2C1Interrupt
                  0x000302                  __T1Interrupt
                  0x000338                  __T5Interrupt
                  0x0018ba                  ___delay32
                  0x000252                  __data_init
                  0x000252                  __data_init_standard
                  0x00023c                  __psv_init
                  0x000200                  __resetPRI
                  0x00074c                  _main
                  0x0018ee                  _where_was_i

Memory Configuration

Name             Origin             Length             Attributes
data             0x000800           0x002000           a !xr
reset            0x000000           0x000004  
ivt              0x000004           0x0000fc  
_reserved        0x000100           0x000004  
aivt             0x000104           0x0000fc  
program          0x000200           0x00a9fc           xr
CONFIG2          0x00abfc           0x000002  
CONFIG1          0x00abfe           0x000002  
*default*        0x000000           0xffffffff  

Linker script and memory map


reserve_data_0x800
                    0x0800         0x20
                    0x0820                  . = 0x20
 *fill*             0x0800         0x2000

reserve_data_0x820
                    0x0820          0x2
                    0x0822                  . = 0x2
 *fill*             0x0820          0x200

reserve_data_0x822
                    0x0822          0x2
                    0x0824                  . = 0x2
 *fill*             0x0822          0x200

reserve_data_0x824
                    0x0824          0x2
                    0x0826                  . = 0x2
 *fill*             0x0824          0x200

reserve_data_0x826
                    0x0826         0x2a
                    0x0850                  . = 0x2a
 *fill*             0x0826         0x2a00
LOAD build/default/debug/mcc_generated_files/where_was_i.o
LOAD build/default/debug/RGS_MCC_Copies/pin_manager.o
LOAD build/default/debug/RGS_MCC_Copies/system.o
LOAD build/default/debug/RGS_MCC_Copies/FrontAlignLaser.o
LOAD build/default/debug/RGS_MCC_Copies/clock.o
LOAD build/default/debug/RGS_MCC_Copies/tmr1.o
LOAD build/default/debug/RGS_MCC_Copies/tmr2.o
LOAD build/default/debug/RGS_MCC_Copies/tmr3.o
LOAD build/default/debug/RGS_MCC_Copies/tmr4.o
LOAD build/default/debug/RGS_MCC_Copies/i2c2.o
LOAD build/default/debug/RGS_MCC_Copies/interrupt_manager.o
LOAD build/default/debug/RGS_MCC_Copies/i2c1.o
LOAD build/default/debug/main.o
LOAD build/default/debug/Events.o
LOAD build/default/debug/JetsonInterface.o
LOAD build/default/debug/pin_CustomISR.o
                    0x0001                  __MPLAB_BUILD = 0x1
                    0x0001                  __MPLAB_DEBUG = 0x1
                    0x0001                  __DEBUG = 0x1
LOAD pPIC24Fxxx
LOAD c:/program files/microchip/xc16/v2.10/bin/bin/../../lib\libfx-elf.a
                    0xabfc                  __CONFIG2 = 0xabfc
                    0xabfe                  __CONFIG1 = 0xabfe
                    0x0001                  __NO_HANDLES = 0x1
                    0x0200                  __CODE_BASE = 0x200
                    0xa9fc                  __CODE_LENGTH = 0xa9fc
                    0x0004                  __IVT_BASE = 0x4
                    0x0104                  __AIVT_BASE = 0x104
                    0x0800                  __DATA_BASE = 0x800
                    0x2000                  __DATA_LENGTH = 0x2000

.reset            0x000000          0x4
                  0x000000          0x2 SHORT 0x200 ABSOLUTE (__reset)
                  0x000001          0x2 SHORT 0x4
                  0x000002          0x2 SHORT 0x0 ((ABSOLUTE (__reset) >> 0x10) & 0x7f)
                  0x000003          0x2 SHORT 0x0

.text             0x000200        0x530
 *(.init)
 .init            0x000200         0x4c c:/program files/microchip/xc16/v2.10/bin/bin/../../lib\libc99-pic30-elf.a(crt0_standard.o)
                  0x000200                  __resetPRI
                  0x000200                  __reset
                  0x00023c                  __psv_init
 .init            0x00024c         0x7c c:/program files/microchip/xc16/v2.10/bin/bin/../../lib\libc99-pic30-elf.a(data_init_standard.o)
                  0x000252                  __data_init_standard
                  0x000252                  __data_init
 *(.user_init)
 *(.handle)
 *(.isr*)
 .isr.text        0x0002d4         0x2e build/default/debug/RGS_MCC_Copies/pin_manager.o
                  0x0002d4                  __CNInterrupt
 .isr.text        0x000302         0x36 build/default/debug/RGS_MCC_Copies/tmr1.o
                  0x000302                  __T1Interrupt
 .isr.text        0x000338         0x26 build/default/debug/RGS_MCC_Copies/tmr4.o
                  0x000338                  __T5Interrupt
 .isr.text        0x00035e        0x252 build/default/debug/RGS_MCC_Copies/i2c2.o
                  0x00035e                  __MI2C2Interrupt
 .isr.text        0x0005b0        0x17a build/default/debug/RGS_MCC_Copies/i2c1.o
                  0x0005b0                  __SI2C1Interrupt
 .isr             0x00072a          0x4 default_isr
                  0x00072a                  __DefaultInterrupt
 *(.libc)
 *(.libm)
 *(.libdsp)
 *(.lib*)
 .libpic30_crt_start_mode
                  0x00072e          0x2 c:/program files/microchip/xc16/v2.10/bin/bin/../../lib\libc99-pic30-elf.a(crt_start_mode_normal.Meo)
                  0x00072e                  __crt_start_mode
                  0x00072e                  __crt_start_mode_normal

usercode
 *(usercode)

__CONFIG2
 *(__CONFIG2.sec*)

__CONFIG1
 *(__CONFIG1.sec*)

.comment
 *(.comment)

.debug_info       0x000000       0x8667
 *(.debug_info)
 .debug_info      0x000000         0xdc build/default/debug/mcc_generated_files/where_was_i.o
 .debug_info      0x0000dc       0x114b build/default/debug/RGS_MCC_Copies/pin_manager.o
 .debug_info      0x001227        0x1c9 build/default/debug/RGS_MCC_Copies/system.o
 .debug_info      0x0013f0        0x679 build/default/debug/RGS_MCC_Copies/FrontAlignLaser.o
 .debug_info      0x001a69        0x252 build/default/debug/RGS_MCC_Copies/clock.o
 .debug_info      0x001cbb        0x871 build/default/debug/RGS_MCC_Copies/tmr1.o
 .debug_info      0x00252c        0x772 build/default/debug/RGS_MCC_Copies/tmr2.o
 .debug_info      0x002c9e        0x691 build/default/debug/RGS_MCC_Copies/tmr3.o
 .debug_info      0x00332f        0x93d build/default/debug/RGS_MCC_Copies/tmr4.o
 .debug_info      0x003c6c        0xeb8 build/default/debug/RGS_MCC_Copies/i2c2.o
 .debug_info      0x004b24        0xb41 build/default/debug/RGS_MCC_Copies/interrupt_manager.o
 .debug_info      0x005665        0xdc0 build/default/debug/RGS_MCC_Copies/i2c1.o
 .debug_info      0x006425       0x194a build/default/debug/main.o
 .debug_info      0x007d6f        0x234 build/default/debug/Events.o
 .debug_info      0x007fa3        0x6c4 build/default/debug/pin_CustomISR.o
 *(.gnu.linkonce.wi.*)

.debug_abbrev     0x000000       0x11ae
 *(.debug_abbrev)
 .debug_abbrev    0x000000         0x14 build/default/debug/mcc_generated_files/where_was_i.o
 .debug_abbrev    0x000014        0x159 build/default/debug/RGS_MCC_Copies/pin_manager.o
 .debug_abbrev    0x00016d         0x4a build/default/debug/RGS_MCC_Copies/system.o
 .debug_abbrev    0x0001b7        0x164 build/default/debug/RGS_MCC_Copies/FrontAlignLaser.o
 .debug_abbrev    0x00031b         0x59 build/default/debug/RGS_MCC_Copies/clock.o
 .debug_abbrev    0x000374        0x1a2 build/default/debug/RGS_MCC_Copies/tmr1.o
 .debug_abbrev    0x000516        0x15d build/default/debug/RGS_MCC_Copies/tmr2.o
 .debug_abbrev    0x000673        0x15d build/default/debug/RGS_MCC_Copies/tmr3.o
 .debug_abbrev    0x0007d0        0x18d build/default/debug/RGS_MCC_Copies/tmr4.o
 .debug_abbrev    0x00095d        0x212 build/default/debug/RGS_MCC_Copies/i2c2.o
 .debug_abbrev    0x000b6f         0xb4 build/default/debug/RGS_MCC_Copies/interrupt_manager.o
 .debug_abbrev    0x000c23        0x1d0 build/default/debug/RGS_MCC_Copies/i2c1.o
 .debug_abbrev    0x000df3        0x280 build/default/debug/main.o
 .debug_abbrev    0x001073         0x3d build/default/debug/Events.o
 .debug_abbrev    0x0010b0          0x1 build/default/debug/JetsonInterface.o
 .debug_abbrev    0x0010b1         0xfd build/default/debug/pin_CustomISR.o

.debug_line       0x000000       0x13fe
 *(.debug_line)
 .debug_line      0x000000         0x55 build/default/debug/mcc_generated_files/where_was_i.o
 .debug_line      0x000055        0x15d build/default/debug/RGS_MCC_Copies/pin_manager.o
 .debug_line      0x0001b2         0x4f build/default/debug/RGS_MCC_Copies/system.o
 .debug_line      0x000201        0x158 build/default/debug/RGS_MCC_Copies/FrontAlignLaser.o
 .debug_line      0x000359        0x11b build/default/debug/RGS_MCC_Copies/clock.o
 .debug_line      0x000474        0x15e build/default/debug/RGS_MCC_Copies/tmr1.o
 .debug_line      0x0005d2        0x147 build/default/debug/RGS_MCC_Copies/tmr2.o
 .debug_line      0x000719        0x13f build/default/debug/RGS_MCC_Copies/tmr3.o
 .debug_line      0x000858        0x181 build/default/debug/RGS_MCC_Copies/tmr4.o
 .debug_line      0x0009d9        0x201 build/default/debug/RGS_MCC_Copies/i2c2.o
 .debug_line      0x000bda        0x126 build/default/debug/RGS_MCC_Copies/interrupt_manager.o
 .debug_line      0x000d00        0x227 build/default/debug/RGS_MCC_Copies/i2c1.o
 .debug_line      0x000f27        0x312 build/default/debug/main.o
 .debug_line      0x001239         0x75 build/default/debug/Events.o
 .debug_line      0x0012ae         0x1a build/default/debug/JetsonInterface.o
 .debug_line      0x0012c8        0x136 build/default/debug/pin_CustomISR.o

.debug_frame      0x000000        0xcca
 *(.debug_frame)
 .debug_frame     0x000000         0xd4 build/default/debug/RGS_MCC_Copies/pin_manager.o
 .debug_frame     0x0000d4         0x2e build/default/debug/RGS_MCC_Copies/system.o
 .debug_frame     0x000102         0xfe build/default/debug/RGS_MCC_Copies/FrontAlignLaser.o
 .debug_frame     0x000200         0x2e build/default/debug/RGS_MCC_Copies/clock.o
 .debug_frame     0x00022e        0x18a build/default/debug/RGS_MCC_Copies/tmr1.o
 .debug_frame     0x0003b8        0x132 build/default/debug/RGS_MCC_Copies/tmr2.o
 .debug_frame     0x0004ea        0x132 build/default/debug/RGS_MCC_Copies/tmr3.o
 .debug_frame     0x00061c        0x18a build/default/debug/RGS_MCC_Copies/tmr4.o
 .debug_frame     0x0007a6        0x170 build/default/debug/RGS_MCC_Copies/i2c2.o
 .debug_frame     0x000916         0x2e build/default/debug/RGS_MCC_Copies/interrupt_manager.o
 .debug_frame     0x000944        0x122 build/default/debug/RGS_MCC_Copies/i2c1.o
 .debug_frame     0x000a66        0x1e8 build/default/debug/main.o
 .debug_frame     0x000c4e         0x7c build/default/debug/pin_CustomISR.o

.debug_str        0x000000        0x36c
 *(.debug_str)
 .debug_str       0x000000         0x6f build/default/debug/RGS_MCC_Copies/pin_manager.o
 .debug_str       0x00006f         0x14 build/default/debug/RGS_MCC_Copies/FrontAlignLaser.o
 .debug_str       0x000083         0x32 build/default/debug/RGS_MCC_Copies/tmr1.o
 .debug_str       0x0000b5         0x13 build/default/debug/RGS_MCC_Copies/tmr2.o
 .debug_str       0x0000c8         0x13 build/default/debug/RGS_MCC_Copies/tmr3.o
 .debug_str       0x0000db         0x3e build/default/debug/RGS_MCC_Copies/tmr4.o
 .debug_str       0x000119         0x53 build/default/debug/RGS_MCC_Copies/i2c2.o
 .debug_str       0x00016c         0x2e build/default/debug/RGS_MCC_Copies/interrupt_manager.o
 .debug_str       0x00019a         0x86 build/default/debug/RGS_MCC_Copies/i2c1.o
 .debug_str       0x000220         0xf8 build/default/debug/main.o
 .debug_str       0x000318         0x54 build/default/debug/pin_CustomISR.o

.debug_loc
 *(.debug_loc)

.debug_macinfo
 *(.debug_macinfo)

.debug_pubnames
                  0x000000        0xbf8
 *(.debug_pubnames)
 .debug_pubnames
                  0x000000         0xb1 build/default/debug/RGS_MCC_Copies/pin_manager.o
 .debug_pubnames
                  0x0000b1         0x28 build/default/debug/RGS_MCC_Copies/system.o
 .debug_pubnames
                  0x0000d9        0x133 build/default/debug/RGS_MCC_Copies/FrontAlignLaser.o
 .debug_pubnames
                  0x00020c         0x27 build/default/debug/RGS_MCC_Copies/clock.o
 .debug_pubnames
                  0x000233        0x156 build/default/debug/RGS_MCC_Copies/tmr1.o
 .debug_pubnames
                  0x000389        0x11a build/default/debug/RGS_MCC_Copies/tmr2.o
 .debug_pubnames
                  0x0004a3        0x11a build/default/debug/RGS_MCC_Copies/tmr3.o
 .debug_pubnames
                  0x0005bd        0x156 build/default/debug/RGS_MCC_Copies/tmr4.o
 .debug_pubnames
                  0x000713        0x103 build/default/debug/RGS_MCC_Copies/i2c2.o
 .debug_pubnames
                  0x000816         0x2b build/default/debug/RGS_MCC_Copies/interrupt_manager.o
 .debug_pubnames
                  0x000841        0x193 build/default/debug/RGS_MCC_Copies/i2c1.o
 .debug_pubnames
                  0x0009d4        0x14b build/default/debug/main.o
 .debug_pubnames
                  0x000b1f         0x77 build/default/debug/Events.o
 .debug_pubnames
                  0x000b96         0x62 build/default/debug/pin_CustomISR.o

.debug_ranges
 *(.debug_ranges)

.debug_aranges    0x000000        0x158
 *(.debug_aranges)
 .debug_aranges
                  0x000000         0x20 build/default/debug/mcc_generated_files/where_was_i.o
 .debug_aranges
                  0x000020         0x18 build/default/debug/RGS_MCC_Copies/pin_manager.o
 .debug_aranges
                  0x000038         0x18 build/default/debug/RGS_MCC_Copies/system.o
 .debug_aranges
                  0x000050         0x18 build/default/debug/RGS_MCC_Copies/FrontAlignLaser.o
 .debug_aranges
                  0x000068         0x18 build/default/debug/RGS_MCC_Copies/clock.o
 .debug_aranges
                  0x000080         0x18 build/default/debug/RGS_MCC_Copies/tmr1.o
 .debug_aranges
                  0x000098         0x18 build/default/debug/RGS_MCC_Copies/tmr2.o
 .debug_aranges
                  0x0000b0         0x18 build/default/debug/RGS_MCC_Copies/tmr3.o
 .debug_aranges
                  0x0000c8         0x18 build/default/debug/RGS_MCC_Copies/tmr4.o
 .debug_aranges
                  0x0000e0         0x18 build/default/debug/RGS_MCC_Copies/i2c2.o
 .debug_aranges
                  0x0000f8         0x18 build/default/debug/RGS_MCC_Copies/interrupt_manager.o
 .debug_aranges
                  0x000110         0x18 build/default/debug/RGS_MCC_Copies/i2c1.o
 .debug_aranges
                  0x000128         0x18 build/default/debug/main.o
 .debug_aranges
                  0x000140         0x18 build/default/debug/pin_CustomISR.o
                    0x0000                  WREG0 = 0x0
                    0x0000                  _WREG0 = 0x0
                    0x0002                  WREG1 = 0x2
                    0x0002                  _WREG1 = 0x2
                    0x0004                  WREG2 = 0x4
                    0x0004                  _WREG2 = 0x4
                    0x0006                  WREG3 = 0x6
                    0x0006                  _WREG3 = 0x6
                    0x0008                  WREG4 = 0x8
                    0x0008                  _WREG4 = 0x8
                    0x000a                  WREG5 = 0xa
                    0x000a                  _WREG5 = 0xa
                    0x000c                  WREG6 = 0xc
                    0x000c                  _WREG6 = 0xc
                    0x000e                  WREG7 = 0xe
                    0x000e                  _WREG7 = 0xe
                    0x0010                  WREG8 = 0x10
                    0x0010                  _WREG8 = 0x10
                    0x0012                  WREG9 = 0x12
                    0x0012                  _WREG9 = 0x12
                    0x0014                  WREG10 = 0x14
                    0x0014                  _WREG10 = 0x14
                    0x0016                  WREG11 = 0x16
                    0x0016                  _WREG11 = 0x16
                    0x0018                  WREG12 = 0x18
                    0x0018                  _WREG12 = 0x18
                    0x001a                  WREG13 = 0x1a
                    0x001a                  _WREG13 = 0x1a
                    0x001c                  WREG14 = 0x1c
                    0x001c                  _WREG14 = 0x1c
                    0x001e                  WREG15 = 0x1e
                    0x001e                  _WREG15 = 0x1e
                    0x0020                  SPLIM = 0x20
                    0x0020                  _SPLIM = 0x20
                    0x002e                  PCL = 0x2e
                    0x002e                  _PCL = 0x2e
                    0x0030                  PCH = 0x30
                    0x0030                  _PCH = 0x30
                    0x0032                  TBLPAG = 0x32
                    0x0032                  _TBLPAG = 0x32
                    0x0034                  PSVPAG = 0x34
                    0x0034                  _PSVPAG = 0x34
                    0x0036                  RCOUNT = 0x36
                    0x0036                  _RCOUNT = 0x36
                    0x0042                  SR = 0x42
                    0x0042                  _SR = 0x42
                    0x0042                  _SRbits = 0x42
                    0x0044                  CORCON = 0x44
                    0x0044                  _CORCON = 0x44
                    0x0044                  _CORCONbits = 0x44
                    0x0052                  DISICNT = 0x52
                    0x0052                  _DISICNT = 0x52
                    0x0060                  CNEN1 = 0x60
                    0x0060                  _CNEN1 = 0x60
                    0x0060                  _CNEN1bits = 0x60
                    0x0062                  CNEN2 = 0x62
                    0x0062                  _CNEN2 = 0x62
                    0x0062                  _CNEN2bits = 0x62
                    0x0068                  CNPU1 = 0x68
                    0x0068                  _CNPU1 = 0x68
                    0x0068                  _CNPU1bits = 0x68
                    0x006a                  CNPU2 = 0x6a
                    0x006a                  _CNPU2 = 0x6a
                    0x006a                  _CNPU2bits = 0x6a
                    0x0080                  INTCON1 = 0x80
                    0x0080                  _INTCON1 = 0x80
                    0x0080                  _INTCON1bits = 0x80
                    0x0082                  INTCON2 = 0x82
                    0x0082                  _INTCON2 = 0x82
                    0x0082                  _INTCON2bits = 0x82
                    0x0084                  IFS0 = 0x84
                    0x0084                  _IFS0 = 0x84
                    0x0084                  _IFS0bits = 0x84
                    0x0086                  IFS1 = 0x86
                    0x0086                  _IFS1 = 0x86
                    0x0086                  _IFS1bits = 0x86
                    0x0088                  IFS2 = 0x88
                    0x0088                  _IFS2 = 0x88
                    0x0088                  _IFS2bits = 0x88
                    0x008a                  IFS3 = 0x8a
                    0x008a                  _IFS3 = 0x8a
                    0x008a                  _IFS3bits = 0x8a
                    0x008c                  IFS4 = 0x8c
                    0x008c                  _IFS4 = 0x8c
                    0x008c                  _IFS4bits = 0x8c
                    0x0094                  IEC0 = 0x94
                    0x0094                  _IEC0 = 0x94
                    0x0094                  _IEC0bits = 0x94
                    0x0096                  IEC1 = 0x96
                    0x0096                  _IEC1 = 0x96
                    0x0096                  _IEC1bits = 0x96
                    0x0098                  IEC2 = 0x98
                    0x0098                  _IEC2 = 0x98
                    0x0098                  _IEC2bits = 0x98
                    0x009a                  IEC3 = 0x9a
                    0x009a                  _IEC3 = 0x9a
                    0x009a                  _IEC3bits = 0x9a
                    0x009c                  IEC4 = 0x9c
                    0x009c                  _IEC4 = 0x9c
                    0x009c                  _IEC4bits = 0x9c
                    0x00a4                  IPC0 = 0xa4
                    0x00a4                  _IPC0 = 0xa4
                    0x00a4                  _IPC0bits = 0xa4
                    0x00a6                  IPC1 = 0xa6
                    0x00a6                  _IPC1 = 0xa6
                    0x00a6                  _IPC1bits = 0xa6
                    0x00a8                  IPC2 = 0xa8
                    0x00a8                  _IPC2 = 0xa8
                    0x00a8                  _IPC2bits = 0xa8
                    0x00aa                  IPC3 = 0xaa
                    0x00aa                  _IPC3 = 0xaa
                    0x00aa                  _IPC3bits = 0xaa
                    0x00ac                  IPC4 = 0xac
                    0x00ac                  _IPC4 = 0xac
                    0x00ac                  _IPC4bits = 0xac
                    0x00ae                  IPC5 = 0xae
                    0x00ae                  _IPC5 = 0xae
                    0x00ae                  _IPC5bits = 0xae
                    0x00b0                  IPC6 = 0xb0
                    0x00b0                  _IPC6 = 0xb0
                    0x00b0                  _IPC6bits = 0xb0
                    0x00b2                  IPC7 = 0xb2
                    0x00b2                  _IPC7 = 0xb2
                    0x00b2                  _IPC7bits = 0xb2
                    0x00b4                  IPC8 = 0xb4
                    0x00b4                  _IPC8 = 0xb4
                    0x00b4                  _IPC8bits = 0xb4
                    0x00b6                  IPC9 = 0xb6
                    0x00b6                  _IPC9 = 0xb6
                    0x00b6                  _IPC9bits = 0xb6
                    0x00b8                  IPC10 = 0xb8
                    0x00b8                  _IPC10 = 0xb8
                    0x00b8                  _IPC10bits = 0xb8
                    0x00ba                  IPC11 = 0xba
                    0x00ba                  _IPC11 = 0xba
                    0x00ba                  _IPC11bits = 0xba
                    0x00bc                  IPC12 = 0xbc
                    0x00bc                  _IPC12 = 0xbc
                    0x00bc                  _IPC12bits = 0xbc
                    0x00c2                  IPC15 = 0xc2
                    0x00c2                  _IPC15 = 0xc2
                    0x00c2                  _IPC15bits = 0xc2
                    0x00c4                  IPC16 = 0xc4
                    0x00c4                  _IPC16 = 0xc4
                    0x00c4                  _IPC16bits = 0xc4
                    0x00c8                  IPC18 = 0xc8
                    0x00c8                  _IPC18 = 0xc8
                    0x00c8                  _IPC18bits = 0xc8
                    0x00e0                  INTTREG = 0xe0
                    0x00e0                  _INTTREG = 0xe0
                    0x00e0                  _INTTREGbits = 0xe0
                    0x0100                  TMR1 = 0x100
                    0x0100                  _TMR1 = 0x100
                    0x0102                  PR1 = 0x102
                    0x0102                  _PR1 = 0x102
                    0x0104                  T1CON = 0x104
                    0x0104                  _T1CON = 0x104
                    0x0104                  _T1CONbits = 0x104
                    0x0106                  TMR2 = 0x106
                    0x0106                  _TMR2 = 0x106
                    0x0108                  TMR3HLD = 0x108
                    0x0108                  _TMR3HLD = 0x108
                    0x010a                  TMR3 = 0x10a
                    0x010a                  _TMR3 = 0x10a
                    0x010c                  PR2 = 0x10c
                    0x010c                  _PR2 = 0x10c
                    0x010e                  PR3 = 0x10e
                    0x010e                  _PR3 = 0x10e
                    0x0110                  T2CON = 0x110
                    0x0110                  _T2CON = 0x110
                    0x0110                  _T2CONbits = 0x110
                    0x0112                  T3CON = 0x112
                    0x0112                  _T3CON = 0x112
                    0x0112                  _T3CONbits = 0x112
                    0x0114                  TMR4 = 0x114
                    0x0114                  _TMR4 = 0x114
                    0x0116                  TMR5HLD = 0x116
                    0x0116                  _TMR5HLD = 0x116
                    0x0118                  TMR5 = 0x118
                    0x0118                  _TMR5 = 0x118
                    0x011a                  PR4 = 0x11a
                    0x011a                  _PR4 = 0x11a
                    0x011c                  PR5 = 0x11c
                    0x011c                  _PR5 = 0x11c
                    0x011e                  T4CON = 0x11e
                    0x011e                  _T4CON = 0x11e
                    0x011e                  _T4CONbits = 0x11e
                    0x0120                  T5CON = 0x120
                    0x0120                  _T5CON = 0x120
                    0x0120                  _T5CONbits = 0x120
                    0x0140                  IC1BUF = 0x140
                    0x0140                  _IC1BUF = 0x140
                    0x0142                  IC1CON = 0x142
                    0x0142                  _IC1CON = 0x142
                    0x0142                  _IC1CONbits = 0x142
                    0x0144                  IC2BUF = 0x144
                    0x0144                  _IC2BUF = 0x144
                    0x0146                  IC2CON = 0x146
                    0x0146                  _IC2CON = 0x146
                    0x0146                  _IC2CONbits = 0x146
                    0x0148                  IC3BUF = 0x148
                    0x0148                  _IC3BUF = 0x148
                    0x014a                  IC3CON = 0x14a
                    0x014a                  _IC3CON = 0x14a
                    0x014a                  _IC3CONbits = 0x14a
                    0x014c                  IC4BUF = 0x14c
                    0x014c                  _IC4BUF = 0x14c
                    0x014e                  IC4CON = 0x14e
                    0x014e                  _IC4CON = 0x14e
                    0x014e                  _IC4CONbits = 0x14e
                    0x0150                  IC5BUF = 0x150
                    0x0150                  _IC5BUF = 0x150
                    0x0152                  IC5CON = 0x152
                    0x0152                  _IC5CON = 0x152
                    0x0152                  _IC5CONbits = 0x152
                    0x0180                  OC1RS = 0x180
                    0x0180                  _OC1RS = 0x180
                    0x0182                  OC1R = 0x182
                    0x0182                  _OC1R = 0x182
                    0x0184                  OC1CON = 0x184
                    0x0184                  _OC1CON = 0x184
                    0x0184                  _OC1CONbits = 0x184
                    0x0186                  OC2RS = 0x186
                    0x0186                  _OC2RS = 0x186
                    0x0188                  OC2R = 0x188
                    0x0188                  _OC2R = 0x188
                    0x018a                  OC2CON = 0x18a
                    0x018a                  _OC2CON = 0x18a
                    0x018a                  _OC2CONbits = 0x18a
                    0x018c                  OC3RS = 0x18c
                    0x018c                  _OC3RS = 0x18c
                    0x018e                  OC3R = 0x18e
                    0x018e                  _OC3R = 0x18e
                    0x0190                  OC3CON = 0x190
                    0x0190                  _OC3CON = 0x190
                    0x0190                  _OC3CONbits = 0x190
                    0x0192                  OC4RS = 0x192
                    0x0192                  _OC4RS = 0x192
                    0x0194                  OC4R = 0x194
                    0x0194                  _OC4R = 0x194
                    0x0196                  OC4CON = 0x196
                    0x0196                  _OC4CON = 0x196
                    0x0196                  _OC4CONbits = 0x196
                    0x0198                  OC5RS = 0x198
                    0x0198                  _OC5RS = 0x198
                    0x019a                  OC5R = 0x19a
                    0x019a                  _OC5R = 0x19a
                    0x019c                  OC5CON = 0x19c
                    0x019c                  _OC5CON = 0x19c
                    0x019c                  _OC5CONbits = 0x19c
                    0x0200                  I2C1RCV = 0x200
                    0x0200                  _I2C1RCV = 0x200
                    0x0202                  I2C1TRN = 0x202
                    0x0202                  _I2C1TRN = 0x202
                    0x0204                  I2C1BRG = 0x204
                    0x0204                  _I2C1BRG = 0x204
                    0x0206                  I2C1CON = 0x206
                    0x0206                  _I2C1CON = 0x206
                    0x0206                  _I2C1CONbits = 0x206
                    0x0208                  I2C1STAT = 0x208
                    0x0208                  _I2C1STAT = 0x208
                    0x0208                  _I2C1STATbits = 0x208
                    0x020a                  I2C1ADD = 0x20a
                    0x020a                  _I2C1ADD = 0x20a
                    0x020c                  I2C1MSK = 0x20c
                    0x020c                  _I2C1MSK = 0x20c
                    0x0210                  I2C2RCV = 0x210
                    0x0210                  _I2C2RCV = 0x210
                    0x0212                  I2C2TRN = 0x212
                    0x0212                  _I2C2TRN = 0x212
                    0x0214                  I2C2BRG = 0x214
                    0x0214                  _I2C2BRG = 0x214
                    0x0216                  I2C2CON = 0x216
                    0x0216                  _I2C2CON = 0x216
                    0x0216                  _I2C2CONbits = 0x216
                    0x0218                  I2C2STAT = 0x218
                    0x0218                  _I2C2STAT = 0x218
                    0x0218                  _I2C2STATbits = 0x218
                    0x021a                  I2C2ADD = 0x21a
                    0x021a                  _I2C2ADD = 0x21a
                    0x021c                  I2C2MSK = 0x21c
                    0x021c                  _I2C2MSK = 0x21c
                    0x0220                  U1MODE = 0x220
                    0x0220                  _U1MODE = 0x220
                    0x0220                  _U1MODEbits = 0x220
                    0x0222                  U1STA = 0x222
                    0x0222                  _U1STA = 0x222
                    0x0222                  _U1STAbits = 0x222
                    0x0224                  U1TXREG = 0x224
                    0x0224                  _U1TXREG = 0x224
                    0x0226                  U1RXREG = 0x226
                    0x0226                  _U1RXREG = 0x226
                    0x0228                  U1BRG = 0x228
                    0x0228                  _U1BRG = 0x228
                    0x0230                  U2MODE = 0x230
                    0x0230                  _U2MODE = 0x230
                    0x0230                  _U2MODEbits = 0x230
                    0x0232                  U2STA = 0x232
                    0x0232                  _U2STA = 0x232
                    0x0232                  _U2STAbits = 0x232
                    0x0234                  U2TXREG = 0x234
                    0x0234                  _U2TXREG = 0x234
                    0x0236                  U2RXREG = 0x236
                    0x0236                  _U2RXREG = 0x236
                    0x0238                  U2BRG = 0x238
                    0x0238                  _U2BRG = 0x238
                    0x0240                  SPI1STAT = 0x240
                    0x0240                  _SPI1STAT = 0x240
                    0x0240                  _SPI1STATbits = 0x240
                    0x0242                  SPI1CON1 = 0x242
                    0x0242                  _SPI1CON1 = 0x242
                    0x0242                  _SPI1CON1bits = 0x242
                    0x0244                  SPI1CON2 = 0x244
                    0x0244                  _SPI1CON2 = 0x244
                    0x0244                  _SPI1CON2bits = 0x244
                    0x0248                  SPI1BUF = 0x248
                    0x0248                  _SPI1BUF = 0x248
                    0x0260                  SPI2STAT = 0x260
                    0x0260                  _SPI2STAT = 0x260
                    0x0260                  _SPI2STATbits = 0x260
                    0x0262                  SPI2CON1 = 0x262
                    0x0262                  _SPI2CON1 = 0x262
                    0x0262                  _SPI2CON1bits = 0x262
                    0x0264                  SPI2CON2 = 0x264
                    0x0264                  _SPI2CON2 = 0x264
                    0x0264                  _SPI2CON2bits = 0x264
                    0x0268                  SPI2BUF = 0x268
                    0x0268                  _SPI2BUF = 0x268
                    0x02c0                  TRISA = 0x2c0
                    0x02c0                  _TRISA = 0x2c0
                    0x02c0                  _TRISAbits = 0x2c0
                    0x02c2                  PORTA = 0x2c2
                    0x02c2                  _PORTA = 0x2c2
                    0x02c2                  _PORTAbits = 0x2c2
                    0x02c4                  LATA = 0x2c4
                    0x02c4                  _LATA = 0x2c4
                    0x02c4                  _LATAbits = 0x2c4
                    0x02c6                  ODCA = 0x2c6
                    0x02c6                  _ODCA = 0x2c6
                    0x02c6                  _ODCAbits = 0x2c6
                    0x02c8                  TRISB = 0x2c8
                    0x02c8                  _TRISB = 0x2c8
                    0x02c8                  _TRISBbits = 0x2c8
                    0x02ca                  PORTB = 0x2ca
                    0x02ca                  _PORTB = 0x2ca
                    0x02ca                  _PORTBbits = 0x2ca
                    0x02cc                  LATB = 0x2cc
                    0x02cc                  _LATB = 0x2cc
                    0x02cc                  _LATBbits = 0x2cc
                    0x02ce                  ODCB = 0x2ce
                    0x02ce                  _ODCB = 0x2ce
                    0x02ce                  _ODCBbits = 0x2ce
                    0x02d0                  TRISC = 0x2d0
                    0x02d0                  _TRISC = 0x2d0
                    0x02d0                  _TRISCbits = 0x2d0
                    0x02d2                  PORTC = 0x2d2
                    0x02d2                  _PORTC = 0x2d2
                    0x02d2                  _PORTCbits = 0x2d2
                    0x02d4                  LATC = 0x2d4
                    0x02d4                  _LATC = 0x2d4
                    0x02d4                  _LATCbits = 0x2d4
                    0x02d6                  ODCC = 0x2d6
                    0x02d6                  _ODCC = 0x2d6
                    0x02d6                  _ODCCbits = 0x2d6
                    0x02fc                  PADCFG1 = 0x2fc
                    0x02fc                  _PADCFG1 = 0x2fc
                    0x02fc                  _PADCFG1bits = 0x2fc
                    0x0300                  ADC1BUF0 = 0x300
                    0x0300                  _ADC1BUF0 = 0x300
                    0x0302                  ADC1BUF1 = 0x302
                    0x0302                  _ADC1BUF1 = 0x302
                    0x0304                  ADC1BUF2 = 0x304
                    0x0304                  _ADC1BUF2 = 0x304
                    0x0306                  ADC1BUF3 = 0x306
                    0x0306                  _ADC1BUF3 = 0x306
                    0x0308                  ADC1BUF4 = 0x308
                    0x0308                  _ADC1BUF4 = 0x308
                    0x030a                  ADC1BUF5 = 0x30a
                    0x030a                  _ADC1BUF5 = 0x30a
                    0x030c                  ADC1BUF6 = 0x30c
                    0x030c                  _ADC1BUF6 = 0x30c
                    0x030e                  ADC1BUF7 = 0x30e
                    0x030e                  _ADC1BUF7 = 0x30e
                    0x0310                  ADC1BUF8 = 0x310
                    0x0310                  _ADC1BUF8 = 0x310
                    0x0312                  ADC1BUF9 = 0x312
                    0x0312                  _ADC1BUF9 = 0x312
                    0x0314                  ADC1BUFA = 0x314
                    0x0314                  _ADC1BUFA = 0x314
                    0x0316                  ADC1BUFB = 0x316
                    0x0316                  _ADC1BUFB = 0x316
                    0x0318                  ADC1BUFC = 0x318
                    0x0318                  _ADC1BUFC = 0x318
                    0x031a                  ADC1BUFD = 0x31a
                    0x031a                  _ADC1BUFD = 0x31a
                    0x031c                  ADC1BUFE = 0x31c
                    0x031c                  _ADC1BUFE = 0x31c
                    0x031e                  ADC1BUFF = 0x31e
                    0x031e                  _ADC1BUFF = 0x31e
                    0x0320                  AD1CON1 = 0x320
                    0x0320                  _AD1CON1 = 0x320
                    0x0320                  _AD1CON1bits = 0x320
                    0x0322                  AD1CON2 = 0x322
                    0x0322                  _AD1CON2 = 0x322
                    0x0322                  _AD1CON2bits = 0x322
                    0x0324                  AD1CON3 = 0x324
                    0x0324                  _AD1CON3 = 0x324
                    0x0324                  _AD1CON3bits = 0x324
                    0x0328                  AD1CHS = 0x328
                    0x0328                  _AD1CHS = 0x328
                    0x0328                  _AD1CHSbits = 0x328
                    0x032c                  AD1PCFG = 0x32c
                    0x032c                  _AD1PCFG = 0x32c
                    0x032c                  _AD1PCFGbits = 0x32c
                    0x0330                  AD1CSSL = 0x330
                    0x0330                  _AD1CSSL = 0x330
                    0x0330                  _AD1CSSLbits = 0x330
                    0x0600                  PMCON = 0x600
                    0x0600                  _PMCON = 0x600
                    0x0600                  _PMCONbits = 0x600
                    0x0602                  PMMODE = 0x602
                    0x0602                  _PMMODE = 0x602
                    0x0602                  _PMMODEbits = 0x602
                    0x0604                  PMADDR = 0x604
                    0x0604                  _PMADDR = 0x604
                    0x0604                  _PMADDRbits = 0x604
                    0x0604                  PMDOUT1 = 0x604
                    0x0604                  _PMDOUT1 = 0x604
                    0x0604                  _PMDOUT1bits = 0x604
                    0x0606                  PMDOUT2 = 0x606
                    0x0606                  _PMDOUT2 = 0x606
                    0x0608                  PMDIN1 = 0x608
                    0x0608                  _PMDIN1 = 0x608
                    0x060a                  PMDIN2 = 0x60a
                    0x060a                  _PMDIN2 = 0x60a
                    0x060c                  PMAEN = 0x60c
                    0x060c                  _PMAEN = 0x60c
                    0x060c                  _PMAENbits = 0x60c
                    0x060e                  PMSTAT = 0x60e
                    0x060e                  _PMSTAT = 0x60e
                    0x060e                  _PMSTATbits = 0x60e
                    0x0620                  ALRMVAL = 0x620
                    0x0620                  _ALRMVAL = 0x620
                    0x0622                  ALCFGRPT = 0x622
                    0x0622                  _ALCFGRPT = 0x622
                    0x0622                  _ALCFGRPTbits = 0x622
                    0x0624                  RTCVAL = 0x624
                    0x0624                  _RTCVAL = 0x624
                    0x0626                  RCFGCAL = 0x626
                    0x0626                  _RCFGCAL = 0x626
                    0x0626                  _RCFGCALbits = 0x626
                    0x0630                  CMCON = 0x630
                    0x0630                  _CMCON = 0x630
                    0x0630                  _CMCONbits = 0x630
                    0x0632                  CVRCON = 0x632
                    0x0632                  _CVRCON = 0x632
                    0x0632                  _CVRCONbits = 0x632
                    0x0640                  CRCCON = 0x640
                    0x0640                  _CRCCON = 0x640
                    0x0640                  _CRCCONbits = 0x640
                    0x0642                  CRCXOR = 0x642
                    0x0642                  _CRCXOR = 0x642
                    0x0642                  _CRCXORbits = 0x642
                    0x0644                  CRCDAT = 0x644
                    0x0644                  _CRCDAT = 0x644
                    0x0646                  CRCWDAT = 0x646
                    0x0646                  _CRCWDAT = 0x646
                    0x0680                  RPINR0 = 0x680
                    0x0680                  _RPINR0 = 0x680
                    0x0680                  _RPINR0bits = 0x680
                    0x0682                  RPINR1 = 0x682
                    0x0682                  _RPINR1 = 0x682
                    0x0682                  _RPINR1bits = 0x682
                    0x0686                  RPINR3 = 0x686
                    0x0686                  _RPINR3 = 0x686
                    0x0686                  _RPINR3bits = 0x686
                    0x0688                  RPINR4 = 0x688
                    0x0688                  _RPINR4 = 0x688
                    0x0688                  _RPINR4bits = 0x688
                    0x068e                  RPINR7 = 0x68e
                    0x068e                  _RPINR7 = 0x68e
                    0x068e                  _RPINR7bits = 0x68e
                    0x0690                  RPINR8 = 0x690
                    0x0690                  _RPINR8 = 0x690
                    0x0690                  _RPINR8bits = 0x690
                    0x0692                  RPINR9 = 0x692
                    0x0692                  _RPINR9 = 0x692
                    0x0692                  _RPINR9bits = 0x692
                    0x0696                  RPINR11 = 0x696
                    0x0696                  _RPINR11 = 0x696
                    0x0696                  _RPINR11bits = 0x696
                    0x06a4                  RPINR18 = 0x6a4
                    0x06a4                  _RPINR18 = 0x6a4
                    0x06a4                  _RPINR18bits = 0x6a4
                    0x06a6                  RPINR19 = 0x6a6
                    0x06a6                  _RPINR19 = 0x6a6
                    0x06a6                  _RPINR19bits = 0x6a6
                    0x06a8                  RPINR20 = 0x6a8
                    0x06a8                  _RPINR20 = 0x6a8
                    0x06a8                  _RPINR20bits = 0x6a8
                    0x06aa                  RPINR21 = 0x6aa
                    0x06aa                  _RPINR21 = 0x6aa
                    0x06aa                  _RPINR21bits = 0x6aa
                    0x06ac                  RPINR22 = 0x6ac
                    0x06ac                  _RPINR22 = 0x6ac
                    0x06ac                  _RPINR22bits = 0x6ac
                    0x06ae                  RPINR23 = 0x6ae
                    0x06ae                  _RPINR23 = 0x6ae
                    0x06ae                  _RPINR23bits = 0x6ae
                    0x06c0                  RPOR0 = 0x6c0
                    0x06c0                  _RPOR0 = 0x6c0
                    0x06c0                  _RPOR0bits = 0x6c0
                    0x06c2                  RPOR1 = 0x6c2
                    0x06c2                  _RPOR1 = 0x6c2
                    0x06c2                  _RPOR1bits = 0x6c2
                    0x06c4                  RPOR2 = 0x6c4
                    0x06c4                  _RPOR2 = 0x6c4
                    0x06c4                  _RPOR2bits = 0x6c4
                    0x06c6                  RPOR3 = 0x6c6
                    0x06c6                  _RPOR3 = 0x6c6
                    0x06c6                  _RPOR3bits = 0x6c6
                    0x06c8                  RPOR4 = 0x6c8
                    0x06c8                  _RPOR4 = 0x6c8
                    0x06c8                  _RPOR4bits = 0x6c8
                    0x06ca                  RPOR5 = 0x6ca
                    0x06ca                  _RPOR5 = 0x6ca
                    0x06ca                  _RPOR5bits = 0x6ca
                    0x06cc                  RPOR6 = 0x6cc
                    0x06cc                  _RPOR6 = 0x6cc
                    0x06cc                  _RPOR6bits = 0x6cc
                    0x06ce                  RPOR7 = 0x6ce
                    0x06ce                  _RPOR7 = 0x6ce
                    0x06ce                  _RPOR7bits = 0x6ce
                    0x06d0                  RPOR8 = 0x6d0
                    0x06d0                  _RPOR8 = 0x6d0
                    0x06d0                  _RPOR8bits = 0x6d0
                    0x06d2                  RPOR9 = 0x6d2
                    0x06d2                  _RPOR9 = 0x6d2
                    0x06d2                  _RPOR9bits = 0x6d2
                    0x06d4                  RPOR10 = 0x6d4
                    0x06d4                  _RPOR10 = 0x6d4
                    0x06d4                  _RPOR10bits = 0x6d4
                    0x06d6                  RPOR11 = 0x6d6
                    0x06d6                  _RPOR11 = 0x6d6
                    0x06d6                  _RPOR11bits = 0x6d6
                    0x06d8                  RPOR12 = 0x6d8
                    0x06d8                  _RPOR12 = 0x6d8
                    0x06d8                  _RPOR12bits = 0x6d8
                    0x0740                  RCON = 0x740
                    0x0740                  _RCON = 0x740
                    0x0740                  _RCONbits = 0x740
                    0x0742                  OSCCON = 0x742
                    0x0742                  _OSCCON = 0x742
                    0x0742                  _OSCCONbits = 0x742
                    0x0742                  OSCCONL = 0x742
                    0x0742                  _OSCCONL = 0x742
                    0x0743                  OSCCONH = 0x743
                    0x0743                  _OSCCONH = 0x743
                    0x0744                  CLKDIV = 0x744
                    0x0744                  _CLKDIV = 0x744
                    0x0744                  _CLKDIVbits = 0x744
                    0x0748                  OSCTUN = 0x748
                    0x0748                  _OSCTUN = 0x748
                    0x0748                  _OSCTUNbits = 0x748
                    0x0760                  NVMCON = 0x760
                    0x0760                  _NVMCON = 0x760
                    0x0760                  _NVMCONbits = 0x760
                    0x0766                  NVMKEY = 0x766
                    0x0766                  _NVMKEY = 0x766
                    0x0770                  PMD1 = 0x770
                    0x0770                  _PMD1 = 0x770
                    0x0770                  _PMD1bits = 0x770
                    0x0772                  PMD2 = 0x772
                    0x0772                  _PMD2 = 0x772
                    0x0772                  _PMD2bits = 0x772
                    0x0774                  PMD3 = 0x774
                    0x0774                  _PMD3 = 0x774
                    0x0774                  _PMD3bits = 0x774
                    0x0140                  IC1 = 0x140
                    0x0140                  _IC1 = 0x140
                    0x0144                  IC2 = 0x144
                    0x0144                  _IC2 = 0x144
                    0x0148                  IC3 = 0x148
                    0x0148                  _IC3 = 0x148
                    0x014c                  IC4 = 0x14c
                    0x014c                  _IC4 = 0x14c
                    0x0150                  IC5 = 0x150
                    0x0150                  _IC5 = 0x150
                    0x0180                  OC1 = 0x180
                    0x0180                  _OC1 = 0x180
                    0x0186                  OC2 = 0x186
                    0x0186                  _OC2 = 0x186
                    0x018c                  OC3 = 0x18c
                    0x018c                  _OC3 = 0x18c
                    0x0192                  OC4 = 0x192
                    0x0192                  _OC4 = 0x192
                    0x0198                  OC5 = 0x198
                    0x0198                  _OC5 = 0x198
                    0x0240                  SPI1 = 0x240
                    0x0240                  _SPI1 = 0x240
                    0x0260                  SPI2 = 0x260
                    0x0260                  _SPI2 = 0x260
                    0x0220                  UART1 = 0x220
                    0x0220                  _UART1 = 0x220
                    0x0230                  UART2 = 0x230
                    0x0230                  _UART2 = 0x230
START GROUP
LOAD c:/program files/microchip/xc16/v2.10/bin/bin/../../lib\libc99-pic30-elf.a
LOAD c:/program files/microchip/xc16/v2.10/bin/bin/../../lib\libm-elf.a
LOAD c:/program files/microchip/xc16/v2.10/bin/bin/../../lib\libc99-elf.a
END GROUP
OUTPUT(dist/default/debug/RGS_PuttingGate.X.debug.elf elf32-pic30)
LOAD jump_table
LOAD default_isr
LOAD data_init

.debug_pubtypes
                  0x000158        0x9d3
 .debug_pubtypes
                  0x000158        0x138 build/default/debug/RGS_MCC_Copies/pin_manager.o
 .debug_pubtypes
                  0x000290         0x12 build/default/debug/RGS_MCC_Copies/system.o
 .debug_pubtypes
                  0x0002a2         0x78 build/default/debug/RGS_MCC_Copies/FrontAlignLaser.o
 .debug_pubtypes
                  0x00031a         0x2b build/default/debug/RGS_MCC_Copies/clock.o
 .debug_pubtypes
                  0x000345         0xa4 build/default/debug/RGS_MCC_Copies/tmr1.o
 .debug_pubtypes
                  0x0003e9         0x94 build/default/debug/RGS_MCC_Copies/tmr2.o
 .debug_pubtypes
                  0x00047d         0x87 build/default/debug/RGS_MCC_Copies/tmr3.o
 .debug_pubtypes
                  0x000504         0xb1 build/default/debug/RGS_MCC_Copies/tmr4.o
 .debug_pubtypes
                  0x0005b5        0x13c build/default/debug/RGS_MCC_Copies/i2c2.o
 .debug_pubtypes
                  0x0006f1         0xb2 build/default/debug/RGS_MCC_Copies/interrupt_manager.o
 .debug_pubtypes
                  0x0007a3         0xdf build/default/debug/RGS_MCC_Copies/i2c1.o
 .debug_pubtypes
                  0x000882        0x1ed build/default/debug/main.o
 .debug_pubtypes
                  0x000a6f         0x2b build/default/debug/Events.o
 .debug_pubtypes
                  0x000a9a         0x91 build/default/debug/pin_CustomISR.o

__c30_signature
                  0x000b2b         0x6c
 __c30_signature
                  0x000b2b          0x6 build/default/debug/RGS_MCC_Copies/pin_manager.o
 __c30_signature
                  0x000b31          0x6 build/default/debug/RGS_MCC_Copies/system.o
 __c30_signature
                  0x000b37          0x6 build/default/debug/RGS_MCC_Copies/FrontAlignLaser.o
 __c30_signature
                  0x000b3d          0x6 build/default/debug/RGS_MCC_Copies/clock.o
 __c30_signature
                  0x000b43          0x6 build/default/debug/RGS_MCC_Copies/tmr1.o
 __c30_signature
                  0x000b49          0x6 build/default/debug/RGS_MCC_Copies/tmr2.o
 __c30_signature
                  0x000b4f          0x6 build/default/debug/RGS_MCC_Copies/tmr3.o
 __c30_signature
                  0x000b55          0x6 build/default/debug/RGS_MCC_Copies/tmr4.o
 __c30_signature
                  0x000b5b          0x6 build/default/debug/RGS_MCC_Copies/i2c2.o
 __c30_signature
                  0x000b61          0x6 build/default/debug/RGS_MCC_Copies/interrupt_manager.o
 __c30_signature
                  0x000b67          0x6 build/default/debug/RGS_MCC_Copies/i2c1.o
 __c30_signature
                  0x000b6d          0x6 build/default/debug/main.o
 __c30_signature
                  0x000b73          0x6 build/default/debug/Events.o
 __c30_signature
                  0x000b79          0x6 build/default/debug/JetsonInterface.o
 __c30_signature
                  0x000b7f          0x6 build/default/debug/pin_CustomISR.o
 __c30_signature
                  0x000b85          0x6 c:/program files/microchip/xc16/v2.10/bin/bin/../../lib\libc99-pic30-elf.a(crt0_standard.o)
 __c30_signature
                  0x000b8b          0x6 c:/program files/microchip/xc16/v2.10/bin/bin/../../lib\libc99-pic30-elf.a(data_init_standard.o)
 __c30_signature
                  0x000b91          0x6 c:/program files/microchip/xc16/v2.10/bin/bin/../../lib\libc99-pic30-elf.a(delay32.Meo)

.nbss               0x0850         0x54
 .nbss              0x0850         0x1a build/default/debug/main.o
                    0x0850                  _x
                    0x0852                  _y
                    0x0854                  _z
                    0x0856                  _a
                    0x0858                  _xx
                    0x085a                  _yy
                    0x085c                  _zz
                    0x085e                  _testval
                    0x0860                  _SwitchState
                    0x0864                  _ButtonCount
                    0x0868                  _PowerOff
 .nbss              0x086a         0x18 build/default/debug/RGS_MCC_Copies/i2c2.o
 .nbss              0x0882         0x18 build/default/debug/RGS_MCC_Copies/i2c1.o
                    0x0888                  _JobStartAddress
                    0x088a                  _JobNumBytes
                    0x088c                  _i2c_write_complete_flag
                    0x088e                  _i2c_write_start_address
                    0x0890                  _i2c_write_end_address
                    0x0892                  _i2c_write_byte_count
 .nbss              0x089a          0xa build/default/debug/Events.o
                    0x089a                  _LedOn
                    0x089b                  _FrontSense
                    0x089c                  _RearSense
                    0x089d                  _LightingUpdate
                    0x089e                  _TransitTime
                    0x08a2                  _GateTimeout
                    0x08a3                  _WakeUp

mcc_generated_files/where_was_i.s.scn1
                    0x08a4          0x4
 mcc_generated_files/where_was_i.s.scn1
                    0x08a4          0x4 build/default/debug/mcc_generated_files/where_was_i.o
                    0x08a4                  _trapSrcAddr

.ndata              0x08a8          0x4
 .ndata             0x08a8          0x4 build/default/debug/RGS_MCC_Copies/i2c1.o

.nbss               0x08ac          0x8
 .nbss              0x08ac          0x2 build/default/debug/RGS_MCC_Copies/pin_manager.o
                    0x08ac                  _CN_InterruptHandler
 .nbss              0x08ae          0x2 build/default/debug/RGS_MCC_Copies/FrontAlignLaser.o
 .nbss              0x08b0          0x2 build/default/debug/RGS_MCC_Copies/tmr1.o
                    0x08b0                  _TMR1_InterruptHandler
 .nbss              0x08b2          0x2 build/default/debug/RGS_MCC_Copies/tmr4.o
                    0x08b2                  _TMR4_InterruptHandler

.ndata              0x08b4          0x2
 .ndata             0x08b4          0x2 build/default/debug/main.o

.bss                0x08b6        0x12c
 .bss               0x08b6        0x100 build/default/debug/RGS_MCC_Copies/i2c1.o
                    0x08b6                  _EMULATE_EEPROM_Memory
 .bss               0x09b6         0x24 build/default/debug/RGS_MCC_Copies/i2c2.o
 .bss               0x09da          0x2 build/default/debug/RGS_MCC_Copies/tmr1.o
 .bss               0x09dc          0x2 build/default/debug/RGS_MCC_Copies/tmr2.o
 .bss               0x09de          0x2 build/default/debug/RGS_MCC_Copies/tmr3.o
 .bss               0x09e0          0x2 build/default/debug/RGS_MCC_Copies/tmr4.o

.ivt._CNInterrupt
                  0x00003a          0x2
 .ivt._CNInterrupt
                  0x00003a          0x2 build/default/debug/RGS_MCC_Copies/pin_manager.o

.config_JTAGEN    0x00abfe          0x2
 .config_JTAGEN
                  0x00abfe          0x2 build/default/debug/RGS_MCC_Copies/system.o

.config_IESO      0x00abfc          0x2
 .config_IESO     0x00abfc          0x2 build/default/debug/RGS_MCC_Copies/system.o

.ivt._T1Interrupt
                  0x00001a          0x2
 .ivt._T1Interrupt
                  0x00001a          0x2 build/default/debug/RGS_MCC_Copies/tmr1.o

.ivt._T5Interrupt
                  0x00004c          0x2
 .ivt._T5Interrupt
                  0x00004c          0x2 build/default/debug/RGS_MCC_Copies/tmr4.o

.ivt._MI2C2Interrupt
                  0x000078          0x2
 .ivt._MI2C2Interrupt
                  0x000078          0x2 build/default/debug/RGS_MCC_Copies/i2c2.o

.ivt._SI2C1Interrupt
                  0x000034          0x2
 .ivt._SI2C1Interrupt
                  0x000034          0x2 build/default/debug/RGS_MCC_Copies/i2c1.o

.text             0x000730       0x1052
 .text            0x000730        0x890 build/default/debug/main.o
                  0x00073e                  _LIS2DW12_SetAddress_I2C2
                  0x00074c                  _main
                  0x000aca                  _CallJetsonBall
                  0x000ada                  _CallJetsonJob
                  0x000b6a                  _ChangeLighting
                  0x000b9c                  _ShutdownProcessTemp
                  0x000da2                  _LIS2DW12_Init_I2C2
                  0x000e14                  _LIS2DW12_ReadXYZ_I2C2
                  0x000e96                  _QuickAcellerometerGrabber
                  0x000f12                  _PowerDown
 .text            0x000fc0        0x1e2 build/default/debug/RGS_MCC_Copies/i2c2.o
                  0x000fc0                  _I2C2_Initialize
                  0x000ffa                  _I2C2_ErrorCountGet
                  0x001044                  _I2C2_MasterWrite
                  0x001076                  _I2C2_MasterRead
                  0x0010a8                  _I2C2_MasterTRBInsert
                  0x001122                  _I2C2_MasterReadTRBBuild
                  0x001152                  _I2C2_MasterWriteTRBBuild
                  0x001176                  _I2C2_MasterQueueIsEmpty
                  0x00118c                  _I2C2_MasterQueueIsFull
 .text            0x0011a2        0x13c build/default/debug/RGS_MCC_Copies/i2c1.o
                  0x0011a2                  _I2C1_Initialize
                  0x0011c4                  _I2C1_ReadPointerSet
                  0x0011d0                  _I2C1_WritePointerSet
                  0x0011dc                  _I2C1_ReadPointerGet
                  0x0011e4                  _I2C1_WritePointerGet
                  0x0011ec                  _I2C1_SlaveAddressMaskSet
                  0x0011f8                  _I2C1_SlaveAddressSet
                  0x001214                  _I2C1_StatusCallback
 .text            0x0012de         0xf0 build/default/debug/RGS_MCC_Copies/tmr2.o
                  0x0012de                  _TMR2_Initialize
                  0x0012fa                  _TMR2_Tasks_32BitOperation
                  0x00131c                  _TMR2_Period32BitSet
                  0x001330                  _TMR2_Period32BitGet
                  0x00134e                  _TMR2_Counter32BitSet
                  0x001362                  _TMR2_Counter32BitGet
                  0x001388                  _TMR2_Start
                  0x001396                  _TMR2_Stop
                  0x00139e                  _TMR2_GetElapsedThenClear
                  0x0013b6                  _TMR2_SoftwareCounterGet
                  0x0013c2                  _TMR2_SoftwareCounterClear
 .text            0x0013ce         0xea build/default/debug/RGS_MCC_Copies/tmr4.o
                  0x0013ce                  _TMR4_Initialize
                  0x0013ee                  _TMR4_Period32BitSet
                  0x001402                  _TMR4_Period32BitGet
                  0x001420                  _TMR4_Counter32BitSet
                  0x001434                  _TMR4_Counter32BitGet
                  0x00145a                  _TMR4_CallBack
                  0x001460                  _TMR4_SetInterruptHandler
                  0x001470                  _TMR4_Start
                  0x00147e                  _TMR4_Stop
                  0x001488                  _TMR4_GetElapsedThenClear
                  0x0014a0                  _TMR4_SoftwareCounterGet
                  0x0014ac                  _TMR4_SoftwareCounterClear
 .text            0x0014b8         0xb8 build/default/debug/RGS_MCC_Copies/tmr1.o
                  0x0014b8                  _TMR1_Initialize
                  0x0014dc                  _TMR1_Period16BitSet
                  0x0014ee                  _TMR1_Period16BitGet
                  0x0014f6                  _TMR1_Counter16BitSet
                  0x001508                  _TMR1_Counter16BitGet
                  0x001510                  _TMR1_CallBack
                  0x001516                  _TMR1_SetInterruptHandler
                  0x001526                  _TMR1_Start
                  0x001536                  _TMR1_Stop
                  0x001540                  _TMR1_GetElapsedThenClear
                  0x001558                  _TMR1_SoftwareCounterGet
                  0x001564                  _TMR1_SoftwareCounterClear
 .text            0x001570         0xb2 build/default/debug/RGS_MCC_Copies/pin_manager.o
                  0x001570                  _PIN_MANAGER_Initialize
                  0x0015ee                  _RestoreDetect
                  0x001600                  _CN_CallBack
                  0x001606                  _CN_SetInterruptHandler
                  0x001616                  _CN_SetIOCInterruptHandler
 .text            0x001622         0xb2 build/default/debug/RGS_MCC_Copies/tmr3.o
                  0x001622                  _TMR3_Initialize
                  0x001638                  _TMR3_Tasks_16BitOperation
                  0x00165a                  _TMR3_Period16BitSet
                  0x00166c                  _TMR3_Period16BitGet
                  0x001674                  _TMR3_Counter16BitSet
                  0x001686                  _TMR3_Counter16BitGet
                  0x00168e                  _TMR3_Start
                  0x00169c                  _TMR3_Stop
                  0x0016a4                  _TMR3_GetElapsedThenClear
                  0x0016bc                  _TMR3_SoftwareCounterGet
                  0x0016c8                  _TMR3_SoftwareCounterClear
 .text            0x0016d4         0xae build/default/debug/RGS_MCC_Copies/FrontAlignLaser.o
                  0x0016d4                  _FrontAlignLaser_Initialize
                  0x0016ec                  _FrontAlignLaser_CallBack
                  0x0016f2                  _FrontAlignLaser_Tasks
                  0x001704                  _FrontAlignLaser_Start
                  0x00171e                  _FrontAlignLaser_Stop
                  0x00172c                  _FrontAlignLaser_SecondaryValueSet
                  0x001738                  _FrontAlignLaser_PrimaryValueSet
                  0x001744                  _FrontAlignLaser_IsCompareCycleComplete
                  0x00175c                  _FrontAlignLaser_FaultStatusGet

.dinit            0x001782         0x6e
 .dinit           0x001782         0x6e data_init

.text             0x0017f0         0xca
 .text            0x0017f0         0x5a build/default/debug/pin_CustomISR.o
                  0x0017f0                  _ISR_CN_Dummy
                  0x0017f8                  _ISR_CN_FrontSensor
                  0x00181a                  _ISR_CN_RearSensor
                  0x00183e                  _ISR_CN_WakeUp
 .text            0x00184a         0x42 build/default/debug/RGS_MCC_Copies/interrupt_manager.o
                  0x00184a                  _INTERRUPT_Initialize
 .text            0x00188c         0x2e build/default/debug/RGS_MCC_Copies/clock.o
                  0x00188c                  _CLOCK_Initialize

.init.delay32     0x0018ba         0x1c
 .init.delay32    0x0018ba         0x1c c:/program files/microchip/xc16/v2.10/bin/bin/../../lib\libc99-pic30-elf.a(delay32.Meo)
                  0x0018ba                  ___delay32

.text             0x0018d6         0x28
 .text            0x0018d6         0x18 build/default/debug/RGS_MCC_Copies/system.o
                  0x0018d6                  _SYSTEM_Initialize
 .text            0x0018ee         0x10 build/default/debug/mcc_generated_files/where_was_i.o
                  0x0018ee                  _where_was_i
